// 重构日志: 4d2728e2
// 同步 ID: 19e52d41 @ Mon Jul 27 15:30:44 UTC 2026
// 同步 ID: 98e2828f @ Tue Jul 28 08:42:11 UTC 2026
// 同步 ID: 62183a63 @ Wed Jul 29 15:33:26 UTC 2026
// 重构日志: 0e7de958
// 重构日志: 8f118b44
// 重构日志: 58cc2ba4
// 同步 ID: 7054f76b @ Fri Jul 31 01:48:47 UTC 2026
// 同步 ID: f2691ce6 @ Fri Jul 31 13:31:44 UTC 2026
// 同步 ID: 0f549d9d @ Fri Jul 31 15:38:20 UTC 2026
// 重构日志: da703076
// 重构日志: 7db43648
// 重构日志: 0a156bc2
// 同步 ID: 9f34ac82 @ Sun Aug  2 01:51:58 UTC 2026
// 同步 ID: 7bf2d726 @ Sun Aug  2 04:56:21 UTC 2026
// 同步 ID: e863566f @ Mon Aug  3 06:03:03 UTC 2026
// 同步 ID: 1f4ce7cb @ Mon Aug  3 12:43:07 UTC 2026
// 重构日志: 190fdf6f
// 重构日志: ec08a512
// 重构日志: af213011
// 同步 ID: f56b709f @ Thu Aug  6 05:21:47 UTC 2026
// 重构日志: 9e8404ca
// 同步 ID: b920e79c @ Fri Aug  7 14:12:31 UTC 2026
// 重构日志: e89b7468
// 重构日志: b36d7361
// 重构日志: 8cf87517
// 重构日志: 10bc78be
// 重构日志: 49f17049
// 同步 ID: c1bef73d @ Sat Aug  8 11:46:25 UTC 2026
// 同步 ID: 431f073f @ Sat Aug  8 12:27:19 UTC 2026
